Copyright 1986-2016 Xilinx, Inc. All Rights Reserved.
------------------------------------------------------------------------------------------
| Tool Version      : Vivado v.2016.2 (win64) Build 1577090 Thu Jun  2 16:32:40 MDT 2016
| Date              : Thu Aug 13 18:56:49 2020
| Host              : LAPTOP-3I35GVHS running 64-bit major release  (build 9200)
| Command           : report_clock_utilization -file vga_top_clock_utilization_routed.rpt
| Design            : vga_top
| Device            : 7z010-clg400
| Speed File        : -1  PRODUCTION 1.11 2014-09-11
| Temperature Grade : C
------------------------------------------------------------------------------------------

Clock Utilization Report

Table of Contents
-----------------
1. Clock Primitive Utilization
2. Global Clock Resources
3. Global Clock Source Details
4. Local Clock Details
5. Clock Regions: Key Resource Utilization
6. Clock Regions : Global Clock Summary
7. Cell Type Counts per Global Clock: Region X1Y0
8. Cell Type Counts per Global Clock: Region X1Y1
9. Load Cell Placement Summary for Global Clock g0
10. Load Cell Placement Summary for Global Clock g1
11. Load Cell Placement Summary for Global Clock g2

1. Clock Primitive Utilization
------------------------------

+----------+------+-----------+-----+--------------+--------+
| Type     | Used | Available | LOC | Clock Region | Pblock |
+----------+------+-----------+-----+--------------+--------+
| BUFGCTRL |    3 |        32 |   0 |            0 |      0 |
| BUFH     |    0 |        48 |   0 |            0 |      0 |
| BUFIO    |    0 |         8 |   0 |            0 |      0 |
| BUFMR    |    0 |         4 |   0 |            0 |      0 |
| BUFR     |    0 |         8 |   0 |            0 |      0 |
| MMCM     |    0 |         2 |   0 |            0 |      0 |
| PLL      |    1 |         2 |   0 |            0 |      0 |
+----------+------+-----------+-----+--------------+--------+


2. Global Clock Resources
-------------------------

+-------+-------+-----------------+------------+----------------+--------------+------+-------------------+---------------+-------------+-----------------+--------------+----------+-------------------------+---------------------------------+
| GlbID | SrcId | Driver Type/Pin | Constraint | Site           | Clock Region | Root | Clock Delay Group | Clock Regions | Clock Loads | Non-Clock Loads | Clock Period | Clock    | Driver Pin              | Net                             |
+-------+-------+-----------------+------------+----------------+--------------+------+-------------------+---------------+-------------+-----------------+--------------+----------+-------------------------+---------------------------------+
| g0    | src0  | BUFG/O          | None       | BUFGCTRL_X0Y16 | n/a          |      |                   |             2 |          48 |               0 |       25.000 | Multiple | PLL/inst/clkout1_buf/O  | PLL/inst/clk_out1               |
| g1    | src1  | BUFG/O          | None       | BUFGCTRL_X0Y0  | n/a          |      |                   |             2 |          42 |               1 |              |          | VGA_VS_OBUF_BUFG_inst/O | VGA_VS_OBUF_BUFG                |
| g2    | src0  | BUFG/O          | None       | BUFGCTRL_X0Y17 | n/a          |      |                   |             1 |           1 |               0 |       50.000 | Multiple | PLL/inst/clkf_buf/O     | PLL/inst/clkfbout_buf_clk_wiz_0 |
+-------+-------+-----------------+------------+----------------+--------------+------+-------------------+---------------+-------------+-----------------+--------------+----------+-------------------------+---------------------------------+
* Note: Multiple constraint types applied to the driver. Please check for potential conflicts.


3. Global Clock Source Details
------------------------------

+-------+--------+--------------------+------------+----------------+--------------+-------------+-----------------+---------------------+--------------+----------------------------------+-----------------------------+
| SrcID | GlbIDs | Driver Type/Pin    | Constraint | Site           | Clock Region | Clock Loads | Non-Clock Loads | Source Clock Period | Source Clock | Driver Pin                       | Net                         |
+-------+--------+--------------------+------------+----------------+--------------+-------------+-----------------+---------------------+--------------+----------------------------------+-----------------------------+
| src0  | g0     | PLLE2_ADV/CLKOUT0  | None       | PLLE2_ADV_X0Y1 | X1Y1         |           0 |               1 |              25.000 | Multiple     | PLL/inst/plle2_adv_inst/CLKOUT0  | PLL/inst/clk_out1_clk_wiz_0 |
| src0  | g2     | PLLE2_ADV/CLKFBOUT | None       | PLLE2_ADV_X0Y1 | X1Y1         |           0 |               1 |              50.000 | Multiple     | PLL/inst/plle2_adv_inst/CLKFBOUT | PLL/inst/clkfbout_clk_wiz_0 |
| src1  | g1     | FDRE/Q             | None       | SLICE_X34Y53   | X1Y1         |           0 |               1 |                     |              | VGA/vga_vs_reg/Q                 | VGA/VGA_VS_OBUF             |
+-------+--------+--------------------+------------+----------------+--------------+-------------+-----------------+---------------------+--------------+----------------------------------+-----------------------------+
* Note: Multiple constraint types applied to the driver. Please check for potential conflicts.


4. Local Clock Details
----------------------

+-------+-----------------+------------+----------+--------------+-------------+-----------------+--------------+-------+------------+-----+
| LocId | Driver Type/Pin | Constraint | Site/BEL | Clock Region | Clock Loads | Non-Clock Loads | Clock Period | Clock | Driver Pin | Net |
+-------+-----------------+------------+----------+--------------+-------------+-----------------+--------------+-------+------------+-----+
* Note: Multiple constraint types applied to the driver. Please check for potential conflicts.


5. Clock Regions: Key Resource Utilization
------------------------------------------

+-------------------+--------------+--------------+--------------+--------------+--------------+--------------+--------------+--------------+--------------+--------------+--------------+--------------+--------------+--------------+--------------+
|                   | Global Clock |     BUFRs    |    BUFMRs    |    BUFIOs    |     MMCM     |      PLL     |      GT      |      PCI     |    ILOGIC    |    OLOGIC    |      FF      |     LUTM     |    RAMB18    |    RAMB36    |    DSP48E2   |
+-------------------+------+-------+------+-------+------+-------+------+-------+------+-------+------+-------+------+-------+------+-------+------+-------+------+-------+------+-------+------+-------+------+-------+------+-------+------+-------+
| Clock Region Name | Used | Avail | Used | Avail | Used | Avail | Used | Avail | Used | Avail | Used | Avail | Used | Avail | Used | Avail | Used | Avail | Used | Avail | Used | Avail | Used | Avail | Used | Avail | Used | Avail | Used | Avail |
+-------------------+------+-------+------+-------+------+-------+------+-------+------+-------+------+-------+------+-------+------+-------+------+-------+------+-------+------+-------+------+-------+------+-------+------+-------+------+-------+
| X0Y0              |    0 |    12 |    0 |     0 |    0 |     0 |    0 |     0 |    0 |     0 |    0 |     0 |    0 |     0 |    0 |     0 |    0 |     0 |    0 |     0 |    0 |  8800 |    0 |  1600 |    0 |     0 |    0 |    10 |    0 |    20 |
| X1Y0              |    2 |    12 |    0 |     4 |    0 |     2 |    0 |     4 |    0 |     1 |    0 |     1 |    0 |     0 |    0 |     0 |    0 |    50 |    0 |    50 |    1 |  8800 |    1 |  1400 |    0 |     0 |    0 |    20 |    0 |    20 |
| X0Y1              |    0 |    12 |    0 |     0 |    0 |     0 |    0 |     0 |    0 |     0 |    0 |     0 |    0 |     0 |    0 |     0 |    0 |     0 |    0 |     0 |    0 |  8800 |    0 |  1600 |    0 |     0 |    0 |    10 |    0 |    20 |
| X1Y1              |    3 |    12 |    0 |     4 |    0 |     2 |    0 |     4 |    0 |     1 |    1 |     1 |    0 |     0 |    0 |     0 |    0 |    50 |    0 |    50 |   63 |  8800 |    2 |  1400 |    0 |     0 |    0 |    20 |    0 |    20 |
+-------------------+------+-------+------+-------+------+-------+------+-------+------+-------+------+-------+------+-------+------+-------+------+-------+------+-------+------+-------+------+-------+------+-------+------+-------+------+-------+
* Used Global Clocks includes only global clock resources based on load placement but does not consider global clock resources used to traverse a clock region. Therefore the actual total of Used Global Clocks may be higher.
** RAMB36 site can be used as two RAMB18/FIFO18 sites.


6. Clock Regions : Global Clock Summary
---------------------------------------

+----+----+----+
|    | X0 | X1 |
+----+----+----+
| Y1 |  0 |  3 |
| Y0 |  0 |  2 |
+----+----+----+
* Used Global Clocks includes only global clock resources based on load placement but does not consider global clock resources used to traverse a clock region. Therefore the actual total of Used Global Clocks may be higher.


7. Cell Type Counts per Global Clock: Region X1Y0
-------------------------------------------------

+-------+-------+-----------------+------------+-------------+-----------------+----+--------+------+-----+----+------+-----+---------+-------------------+
| GlbID | Track | Driver Type/Pin | Constraint | Clock Loads | Non-Clock Loads | FF | LUTRAM | RAMB | DSP | GT | MMCM | PLL | Hard IP | Net               |
+-------+-------+-----------------+------------+-------------+-----------------+----+--------+------+-----+----+------+-----+---------+-------------------+
| g0    | n/a   | BUFG/O          | None       |           0 |               1 |  1 |      1 |    0 |   0 |  0 |    0 |   0 |       0 | PLL/inst/clk_out1 |
| g1    | n/a   | BUFG/O          | None       |           0 |               1 |  0 |      0 |    0 |   0 |  0 |    0 |   0 |       0 | VGA_VS_OBUF_BUFG  |
+-------+-------+-----------------+------------+-------------+-----------------+----+--------+------+-----+----+------+-----+---------+-------------------+
* Note: Multiple constraint types applied to the driver. Please check for potential conflicts.


8. Cell Type Counts per Global Clock: Region X1Y1
-------------------------------------------------

+-------+-------+-----------------+------------+-------------+-----------------+----+--------+------+-----+----+------+-----+---------+---------------------------------+
| GlbID | Track | Driver Type/Pin | Constraint | Clock Loads | Non-Clock Loads | FF | LUTRAM | RAMB | DSP | GT | MMCM | PLL | Hard IP | Net                             |
+-------+-------+-----------------+------------+-------------+-----------------+----+--------+------+-----+----+------+-----+---------+---------------------------------+
| g0    | n/a   | BUFG/O          | None       |           0 |              36 | 36 |      1 |    0 |   0 |  0 |    0 |   0 |       0 | PLL/inst/clk_out1               |
| g1    | n/a   | BUFG/O          | None       |           0 |              27 | 27 |      1 |    0 |   0 |  0 |    0 |   0 |       0 | VGA_VS_OBUF_BUFG                |
| g2    | n/a   | BUFG/O          | None       |           1 |               0 |  0 |      0 |    0 |   0 |  0 |    0 |   1 |       0 | PLL/inst/clkfbout_buf_clk_wiz_0 |
+-------+-------+-----------------+------------+-------------+-----------------+----+--------+------+-----+----+------+-----+---------+---------------------------------+
* Note: Multiple constraint types applied to the driver. Please check for potential conflicts.


9. Load Cell Placement Summary for Global Clock g0
--------------------------------------------------

+-------+-----------------+-------------------+----------+-------------+----------------+----------+-------------+----------+-------------+----+-------------------+
| GlbID | Driver Type/Pin | Driver Region (D) | Clock    | Period (ns) | Waveform (ns)  | Root (R) | Slice Loads | IO Loads | Clock Loads | GT | Net               |
+-------+-----------------+-------------------+----------+-------------+----------------+----------+-------------+----------+-------------+----+-------------------+
| g0    | BUFG/O          | n/a               | Multiple |      25.000 | {0.000 12.500} |          |          37 |        0 |           0 |  0 | PLL/inst/clk_out1 |
+-------+-----------------+-------------------+----------+-------------+----------------+----------+-------------+----------+-------------+----+-------------------+


+----+----+-----+
|    | X0 | X1  |
+----+----+-----+
| Y1 |  0 |  36 |
| Y0 |  0 |   1 |
+----+----+-----+


10. Load Cell Placement Summary for Global Clock g1
---------------------------------------------------

+-------+-----------------+-------------------+-------+-------------+---------------+----------+-------------+----------+-------------+----+------------------+
| GlbID | Driver Type/Pin | Driver Region (D) | Clock | Period (ns) | Waveform (ns) | Root (R) | Slice Loads | IO Loads | Clock Loads | GT | Net              |
+-------+-----------------+-------------------+-------+-------------+---------------+----------+-------------+----------+-------------+----+------------------+
| g1    | BUFG/O          | n/a               |       |             |               |          |          27 |        1 |           0 |  0 | VGA_VS_OBUF_BUFG |
+-------+-----------------+-------------------+-------+-------------+---------------+----------+-------------+----------+-------------+----+------------------+


+----+----+-----+
|    | X0 | X1  |
+----+----+-----+
| Y1 |  0 |  27 |
| Y0 |  0 |   1 |
+----+----+-----+


11. Load Cell Placement Summary for Global Clock g2
---------------------------------------------------

+-------+-----------------+-------------------+----------+-------------+----------------+----------+-------------+----------+-------------+----+---------------------------------+
| GlbID | Driver Type/Pin | Driver Region (D) | Clock    | Period (ns) | Waveform (ns)  | Root (R) | Slice Loads | IO Loads | Clock Loads | GT | Net                             |
+-------+-----------------+-------------------+----------+-------------+----------------+----------+-------------+----------+-------------+----+---------------------------------+
| g2    | BUFG/O          | n/a               | Multiple |      50.000 | {0.000 25.000} |          |           0 |        0 |           1 |  0 | PLL/inst/clkfbout_buf_clk_wiz_0 |
+-------+-----------------+-------------------+----------+-------------+----------------+----------+-------------+----------+-------------+----+---------------------------------+


+----+----+----+
|    | X0 | X1 |
+----+----+----+
| Y1 |  0 |  1 |
| Y0 |  0 |  0 |
+----+----+----+



# Location of BUFG Primitives 
set_property LOC BUFGCTRL_X0Y0 [get_cells VGA_VS_OBUF_BUFG_inst]
set_property LOC BUFGCTRL_X0Y17 [get_cells PLL/inst/clkf_buf]
set_property LOC BUFGCTRL_X0Y16 [get_cells PLL/inst/clkout1_buf]

# Location of IO Primitives which is load of clock spine
set_property LOC IOB_X0Y49 [get_cells VGA_VS_OBUF_inst]

# Location of clock ports
set_property LOC IOB_X0Y78 [get_ports CLOCK]

# Clock net "VGA_VS_OBUF_BUFG" driven by instance "VGA_VS_OBUF_BUFG_inst" located at site "BUFGCTRL_X0Y0"
#startgroup
create_pblock {CLKAG_VGA_VS_OBUF_BUFG}
add_cells_to_pblock [get_pblocks  {CLKAG_VGA_VS_OBUF_BUFG}] [get_cells -filter { PRIMITIVE_GROUP != I/O && IS_PRIMITIVE==1 && PRIMITIVE_LEVEL !=INTERNAL && NAME!=VGA_VS_OBUF_inst} -of_object [get_pins -filter {DIRECTION==IN} -of_objects [get_nets -hierarchical -filter {PARENT=="VGA_VS_OBUF_BUFG"}]]]
resize_pblock [get_pblocks {CLKAG_VGA_VS_OBUF_BUFG}] -add {CLOCKREGION_X1Y1:CLOCKREGION_X1Y1}
#endgroup

# Clock net "PLL/inst/clk_out1" driven by instance "PLL/inst/clkout1_buf" located at site "BUFGCTRL_X0Y16"
#startgroup
create_pblock {CLKAG_PLL/inst/clk_out1}
add_cells_to_pblock [get_pblocks  {CLKAG_PLL/inst/clk_out1}] [get_cells -filter { PRIMITIVE_GROUP != I/O && IS_PRIMITIVE==1 && PRIMITIVE_LEVEL !=INTERNAL } -of_object [get_pins -filter {DIRECTION==IN} -of_objects [get_nets -hierarchical -filter {PARENT=="PLL/inst/clk_out1"}]]]
resize_pblock [get_pblocks {CLKAG_PLL/inst/clk_out1}] -add {CLOCKREGION_X1Y1:CLOCKREGION_X1Y1}
#endgroup
